src/components/CheckInForm.tsx(49,5): error TS2322: Type 'Resolver<{ sleepHours: number; socialActivity: "low" | "medium" | "high"; screenTimeHours: number; moodRating?: number | undefined; }, any, { sleepHours: number; socialActivity: "low" | "medium" | "high"; screenTimeHours: number; moodRating: number | undefined; }>' is not assignable to type 'Resolver<{ sleepHours: number; socialActivity: "low" | "medium" | "high"; screenTimeHours: number; moodRating: number | undefined; }, any, { sleepHours: number; socialActivity: "low" | "medium" | "high"; screenTimeHours: number; moodRating: number | undefined; }>'.
  Types of parameters 'options' and 'options' are incompatible.
    Type 'ResolverOptions<{ sleepHours: number; socialActivity: "low" | "medium" | "high"; screenTimeHours: number; moodRating: number | undefined; }>' is not assignable to type 'ResolverOptions<{ sleepHours: number; socialActivity: "low" | "medium" | "high"; screenTimeHours: number; moodRating?: number | undefined; }>'.
      Type '{ sleepHours: number; socialActivity: "low" | "medium" | "high"; screenTimeHours: number; moodRating?: number | undefined; }' is not assignable to type '{ sleepHours: number; socialActivity: "low" | "medium" | "high"; screenTimeHours: number; moodRating: number | undefined; }'.
        Property 'moodRating' is optional in type '{ sleepHours: number; socialActivity: "low" | "medium" | "high"; screenTimeHours: number; moodRating?: number | undefined; }' but required in type '{ sleepHours: number; socialActivity: "low" | "medium" | "high"; screenTimeHours: number; moodRating: number | undefined; }'.
src/components/CheckInForm.tsx(75,31): error TS2345: Argument of type 'TFieldValues' is not assignable to parameter of type 'CreateCheckInRequest'.
  Type 'FieldValues' is not assignable to type 'CreateCheckInRequest'.
    Type 'FieldValues' is missing the following properties from type 'Omit<CheckIn, "id" | "createdAt">': sleepHours, socialActivity, screenTimeHours
      Type 'TFieldValues' is not assignable to type 'Omit<CheckIn, "id" | "createdAt">'.
        Type 'FieldValues' is missing the following properties from type 'Omit<CheckIn, "id" | "createdAt">': sleepHours, socialActivity, screenTimeHours
src/components/CheckInForm.tsx(76,27): error TS2345: Argument of type 'TFieldValues' is not assignable to parameter of type 'CreateCheckInRequest'.
  Type 'FieldValues' is not assignable to type 'CreateCheckInRequest'.
    Type 'FieldValues' is missing the following properties from type 'Omit<CheckIn, "id" | "createdAt">': sleepHours, socialActivity, screenTimeHours
      Type 'TFieldValues' is not assignable to type 'Omit<CheckIn, "id" | "createdAt">'.
        Type 'FieldValues' is missing the following properties from type 'Omit<CheckIn, "id" | "createdAt">': sleepHours, socialActivity, screenTimeHours
src/lib/time.ts(24,28): error TS2304: Cannot find name 'subDays'.

